<html><head>
<meta http-equiv="Content-Type" content="text/html;                 charset=utf-8" /></head><body>
<p>Analyzed layer: multipolys.gml</p>
<p>Analyzed field: Bfloatval</p>
<p>Count: 3</p>
<p>Unique values: 3</p>
<p>Minimum value: -0.123</p>
<p>Maximum value: 0.123</p>
<p>Range: 0.246</p>
<p>Sum: 0.0</p>
<p>Mean value: 0.0</p>
<p>Median value: 0.0</p>
<p>Standard deviation: 0.100429079454</p>
<p>Coefficient of Variation: 0</p>
<p>Minority (rarest occurring value): -0.123</p>
<p>Majority (most frequently occurring value): -0.123</p>
<p>First quartile: -0.0615</p>
<p>Third quartile: 0.0615</p>
<p>NULL (missing) values: 1</p>
<p>Interquartile Range (IQR): 0.123</p>
</body></html>
